KT3D ESTIMATES WITH:  Small Data Set (part A)                                   
2
Estimate
EstimationVariance
    1.435     0.591
