KT3D ESTIMATES WITH:  Small Data Set (part A)                                   
2
Estimate
EstimationVariance
    2.507     0.583
